------------------------------------------------------------
TimeQuest Timing Analyzer Summary
------------------------------------------------------------

Type  : Slow 1200mV 85C Model Setup 'STEP:inst1|inst1'
Slack : -15.257
TNS   : -813.002

Type  : Slow 1200mV 85C Model Setup 'STEP:inst1|inst'
Slack : -15.042
TNS   : -46.126

Type  : Slow 1200mV 85C Model Setup 'STEP:inst1|inst3'
Slack : -12.000
TNS   : -92.264

Type  : Slow 1200mV 85C Model Setup 'STEP:inst1|inst2'
Slack : -4.427
TNS   : -25.521

Type  : Slow 1200mV 85C Model Setup 'CLK'
Slack : -0.026
TNS   : -0.026

Type  : Slow 1200mV 85C Model Hold 'STEP:inst1|inst'
Slack : -1.729
TNS   : -1.729

Type  : Slow 1200mV 85C Model Hold 'CLK'
Slack : -0.478
TNS   : -1.334

Type  : Slow 1200mV 85C Model Hold 'STEP:inst1|inst1'
Slack : 0.703
TNS   : 0.000

Type  : Slow 1200mV 85C Model Hold 'STEP:inst1|inst3'
Slack : 0.764
TNS   : 0.000

Type  : Slow 1200mV 85C Model Hold 'STEP:inst1|inst2'
Slack : 4.027
TNS   : 0.000

Type  : Slow 1200mV 85C Model Recovery 'STEP:inst1|inst2'
Slack : -12.979
TNS   : -40.854

Type  : Slow 1200mV 85C Model Removal 'STEP:inst1|inst2'
Slack : -1.765
TNS   : -3.374

Type  : Slow 1200mV 85C Model Minimum Pulse Width 'STEP:inst1|inst'
Slack : -3.201
TNS   : -16.005

Type  : Slow 1200mV 85C Model Minimum Pulse Width 'CLK'
Slack : -3.000
TNS   : -10.435

Type  : Slow 1200mV 85C Model Minimum Pulse Width 'STEP:inst1|inst3'
Slack : -1.487
TNS   : -11.896

Type  : Slow 1200mV 85C Model Minimum Pulse Width 'STEP:inst1|inst2'
Slack : -1.487
TNS   : -8.922

Type  : Slow 1200mV 85C Model Minimum Pulse Width 'STEP:inst1|inst1'
Slack : 0.264
TNS   : 0.000

Type  : Slow 1200mV 0C Model Setup 'STEP:inst1|inst1'
Slack : -14.282
TNS   : -769.609

Type  : Slow 1200mV 0C Model Setup 'STEP:inst1|inst'
Slack : -13.885
TNS   : -42.536

Type  : Slow 1200mV 0C Model Setup 'STEP:inst1|inst3'
Slack : -11.133
TNS   : -85.578

Type  : Slow 1200mV 0C Model Setup 'STEP:inst1|inst2'
Slack : -4.019
TNS   : -23.131

Type  : Slow 1200mV 0C Model Setup 'CLK'
Slack : 0.024
TNS   : 0.000

Type  : Slow 1200mV 0C Model Hold 'STEP:inst1|inst'
Slack : -1.472
TNS   : -1.472

Type  : Slow 1200mV 0C Model Hold 'CLK'
Slack : -0.450
TNS   : -1.102

Type  : Slow 1200mV 0C Model Hold 'STEP:inst1|inst3'
Slack : 0.710
TNS   : 0.000

Type  : Slow 1200mV 0C Model Hold 'STEP:inst1|inst1'
Slack : 0.727
TNS   : 0.000

Type  : Slow 1200mV 0C Model Hold 'STEP:inst1|inst2'
Slack : 3.632
TNS   : 0.000

Type  : Slow 1200mV 0C Model Recovery 'STEP:inst1|inst2'
Slack : -11.976
TNS   : -37.897

Type  : Slow 1200mV 0C Model Removal 'STEP:inst1|inst2'
Slack : -1.567
TNS   : -2.602

Type  : Slow 1200mV 0C Model Minimum Pulse Width 'STEP:inst1|inst'
Slack : -3.201
TNS   : -16.005

Type  : Slow 1200mV 0C Model Minimum Pulse Width 'CLK'
Slack : -3.000
TNS   : -10.435

Type  : Slow 1200mV 0C Model Minimum Pulse Width 'STEP:inst1|inst3'
Slack : -1.487
TNS   : -11.896

Type  : Slow 1200mV 0C Model Minimum Pulse Width 'STEP:inst1|inst2'
Slack : -1.487
TNS   : -8.922

Type  : Slow 1200mV 0C Model Minimum Pulse Width 'STEP:inst1|inst1'
Slack : 0.022
TNS   : 0.000

Type  : Fast 1200mV 0C Model Setup 'STEP:inst1|inst1'
Slack : -6.148
TNS   : -303.683

Type  : Fast 1200mV 0C Model Setup 'STEP:inst1|inst'
Slack : -5.707
TNS   : -16.753

Type  : Fast 1200mV 0C Model Setup 'STEP:inst1|inst3'
Slack : -4.422
TNS   : -33.499

Type  : Fast 1200mV 0C Model Setup 'STEP:inst1|inst2'
Slack : -1.122
TNS   : -6.238

Type  : Fast 1200mV 0C Model Setup 'CLK'
Slack : 0.020
TNS   : 0.000

Type  : Fast 1200mV 0C Model Hold 'STEP:inst1|inst'
Slack : -0.962
TNS   : -1.009

Type  : Fast 1200mV 0C Model Hold 'CLK'
Slack : -0.282
TNS   : -1.090

Type  : Fast 1200mV 0C Model Hold 'STEP:inst1|inst1'
Slack : 0.035
TNS   : 0.000

Type  : Fast 1200mV 0C Model Hold 'STEP:inst1|inst3'
Slack : 0.306
TNS   : 0.000

Type  : Fast 1200mV 0C Model Hold 'STEP:inst1|inst2'
Slack : 1.429
TNS   : 0.000

Type  : Fast 1200mV 0C Model Recovery 'STEP:inst1|inst2'
Slack : -4.675
TNS   : -16.251

Type  : Fast 1200mV 0C Model Removal 'STEP:inst1|inst2'
Slack : -0.952
TNS   : -2.675

Type  : Fast 1200mV 0C Model Minimum Pulse Width 'CLK'
Slack : -3.000
TNS   : -8.695

Type  : Fast 1200mV 0C Model Minimum Pulse Width 'STEP:inst1|inst3'
Slack : -1.000
TNS   : -8.000

Type  : Fast 1200mV 0C Model Minimum Pulse Width 'STEP:inst1|inst2'
Slack : -1.000
TNS   : -6.000

Type  : Fast 1200mV 0C Model Minimum Pulse Width 'STEP:inst1|inst'
Slack : -1.000
TNS   : -5.000

Type  : Fast 1200mV 0C Model Minimum Pulse Width 'STEP:inst1|inst1'
Slack : 0.216
TNS   : 0.000

------------------------------------------------------------
